$ ip -br link
lo               UNKNOWN        00:00:00:00:00:00 <LOOPBACK,UP,LOWER_UP> 
eth0             DOWN           88:a4:c2:0b:50:71 <NO-CARRIER,BROADCAST,MULTICAST,UP> 
eth1             DOWN           98:fc:84:e6:25:92 <NO-CARRIER,BROADCAST,MULTICAST,UP> 
wlan0            UP             c8:94:02:e1:4b:a1 <BROADCAST,MULTICAST,UP,LOWER_UP> 
tailscale0       UNKNOWN        <POINTOPOINT,MULTICAST,NOARP,UP,LOWER_UP> 
docker0          DOWN           02:42:25:73:4c:0e <NO-CARRIER,BROADCAST,MULTICAST,UP> 
br-13520f3b6390  DOWN           02:42:fe:d6:e4:fd <NO-CARRIER,BROADCAST,MULTICAST,UP> 
br-7d7aefce0776  DOWN           02:42:00:0b:95:34 <NO-CARRIER,BROADCAST,MULTICAST,UP> 
br-c6e43a602b2a  DOWN           02:42:62:31:dd:0a <NO-CARRIER,BROADCAST,MULTICAST,UP> 
usb0             UP             3a:5a:10:62:6a:bf <BROADCAST,MULTICAST,UP,LOWER_UP> 

$ ip -br addr
lo               UNKNOWN        127.0.0.1/8 ::1/128 
eth0             DOWN           
eth1             DOWN           10.0.0.1/24 
wlan0            UP             10.68.87.43/24 fe80::ca94:2ff:fee1:4ba1/64 
tailscale0       UNKNOWN        100.69.37.58/32 fd7a:115c:a1e0::ac33:253a/128 fe80::d8:fe43:ae6e:5b57/64 
docker0          DOWN           172.17.0.1/16 
br-13520f3b6390  DOWN           172.20.0.1/16 
br-7d7aefce0776  DOWN           172.18.0.1/16 
br-c6e43a602b2a  DOWN           172.19.0.1/16 
usb0             UP             10.0.0.1/24 

$ nmcli dev status
DEVICE           TYPE      STATE                   CONNECTION      
wlan0            wifi      connected               Asgard          
tailscale0       tun       connected (externally)  tailscale0      
lo               loopback  connected (externally)  lo              
br-13520f3b6390  bridge    connected (externally)  br-13520f3b6390 
br-7d7aefce0776  bridge    connected (externally)  br-7d7aefce0776 
br-c6e43a602b2a  bridge    connected (externally)  br-c6e43a602b2a 
docker0          bridge    connected (externally)  docker0         
eth1             ethernet  connected (externally)  eth1            
usb0             ethernet  connected (externally)  usb0            
p2p-dev-wlan0    wifi-p2p  disconnected            --              
eth0             ethernet  unavailable             --              

$ ethtool usb0
netlink error: Operation not permitted
Settings for usb0:
	Supported ports: [  ]
	Supported link modes:   Not reported
	Supported pause frame use: No
	Supports auto-negotiation: No
	Supported FEC modes: Not reported
	Advertised link modes:  Not reported
	Advertised pause frame use: No
	Advertised auto-negotiation: No
	Advertised FEC modes: Not reported
	Speed: 425Mb/s
	Duplex: Unknown! (255)
	Auto-negotiation: off
	Port: Twisted Pair
	PHYAD: 0
	Transceiver: internal
	MDI-X: Unknown
        Current message level: 0x00000007 (7)
                               drv probe link
	Link detected: yes

$ ethtool eth0
netlink error: Operation not permitted
Settings for eth0:
	Supported ports: [ TP	 MII ]
	Supported link modes:   10baseT/Half 10baseT/Full
	                        100baseT/Half 100baseT/Full
	                        1000baseT/Full
	Supported pause frame use: Symmetric Receive-only
	Supports auto-negotiation: Yes
	Supported FEC modes: Not reported
	Advertised link modes:  10baseT/Half 10baseT/Full
	                        100baseT/Half 100baseT/Full
	                        1000baseT/Full
	Advertised pause frame use: Symmetric Receive-only
	Advertised auto-negotiation: Yes
	Advertised FEC modes: Not reported
	Speed: Unknown!
	Duplex: Unknown! (255)
	Auto-negotiation: on
	master-slave cfg: preferred slave
	master-slave status: unknown
	Port: Twisted Pair
	PHYAD: 0
	Transceiver: external
	MDI-X: Unknown
	Link detected: no

$ ethtool eth1
netlink error: Operation not permitted
Settings for eth1:
	Supported ports: [  ]
	Supported link modes:   Not reported
	Supported pause frame use: No
	Supports auto-negotiation: No
	Supported FEC modes: Not reported
	Advertised link modes:  Not reported
	Advertised pause frame use: No
	Advertised auto-negotiation: No
	Advertised FEC modes: Not reported
	Speed: Unknown!
	Duplex: Unknown! (255)
	Auto-negotiation: off
	Port: Twisted Pair
	PHYAD: 0
	Transceiver: internal
	MDI-X: Unknown
        Current message level: 0x00000007 (7)
                               drv probe link
	Link detected: no

$ ethtool wlan0
netlink error: Operation not permitted
Settings for wlan0:
	Link detected: yes


